Rajni@Rajnis-MacBook-Pro ~ % cd Downloads/demo
Rajni@Rajnis-MacBook-Pro demo % git init
Initialized empty Git repository in /Users/Rajni/Downloads/demo/.git/
Rajni@Rajnis-MacBook-Pro demo % git clone https://github.com/PawanNarwal/demo.git
Cloning into 'demo'...
remote: Enumerating objects: 3, done.
remote: Counting objects: 100% (3/3), done.
remote: Total 3 (delta 0), reused 0 (delta 0), pack-reused 0
Unpacking objects: 100% (3/3), done.
Rajni@Rajnis-MacBook-Pro demo % git status
On branch master

No commits yet

Untracked files:
  (use "git add <file>..." to include in what will be committed)
	demo/

nothing added to commit but untracked files present (use "git add" to track)
Rajni@Rajnis-MacBook-Pro demo % git push
fatal: No configured push destination.
Either specify the URL from the command-line or configure a remote repository using

    git remote add <name> <url>

and then push using the remote name

    git push <name>

Rajni@Rajnis-MacBook-Pro demo % git add -A
warning: adding embedded git repository: demo
hint: You've added another git repository inside your current repository.
hint: Clones of the outer repository will not contain the contents of
hint: the embedded repository and will not know how to obtain it.
hint: If you meant to add a submodule, use:
hint: 
hint: 	git submodule add <url> demo
hint: 
hint: If you added this path by mistake, you can remove it from the
hint: index with:
hint: 
hint: 	git rm --cached demo
hint: 
hint: See "git help submodule" for more information.
Rajni@Rajnis-MacBook-Pro demo % git add text.txt
fatal: pathspec 'text.txt' did not match any files
Rajni@Rajnis-MacBook-Pro demo % git add test.txt
fatal: pathspec 'test.txt' did not match any files
Rajni@Rajnis-MacBook-Pro demo % cd demo
Rajni@Rajnis-MacBook-Pro demo % git add test.txt
Rajni@Rajnis-MacBook-Pro demo % git add test2.txt
Rajni@Rajnis-MacBook-Pro demo % git status
On branch master
Your branch is up to date with 'origin/master'.

Changes to be committed:
  (use "git restore --staged <file>..." to unstage)
	new file:   test.txt
	new file:   test2.txt

Rajni@Rajnis-MacBook-Pro demo % git remote add origin https://github.com/PawanNarwal/demo.git
fatal: remote origin already exists.
Rajni@Rajnis-MacBook-Pro demo % git remote add pawan https://github.com/PawanNarwal/demo.git
Rajni@Rajnis-MacBook-Pro demo % git remote
origin
pawan
Rajni@Rajnis-MacBook-Pro demo % git status 
On branch master
Your branch is up to date with 'origin/master'.

Changes to be committed:
  (use "git restore --staged <file>..." to unstage)
	new file:   test.txt
	new file:   test2.txt

Rajni@Rajnis-MacBook-Pro demo % git push -u pawan master
Branch 'master' set up to track remote branch 'master' from 'pawan'.
Everything up-to-date
Rajni@Rajnis-MacBook-Pro demo % git add -A              
Rajni@Rajnis-MacBook-Pro demo % git push -u pawan master
Branch 'master' set up to track remote branch 'master' from 'pawan'.
Everything up-to-date
Rajni@Rajnis-MacBook-Pro demo % git commit -m "Initial commit"
[master 39de94f] Initial commit
 Committer: Rajni <Rajni@Rajnis-MacBook-Pro.local>
Your name and email address were configured automatically based
on your username and hostname. Please check that they are accurate.
You can suppress this message by setting them explicitly. Run the
following command and follow the instructions in your editor to edit
your configuration file:

    git config --global --edit

After doing this, you may fix the identity used for this commit with:

    git commit --amend --reset-author

 2 files changed, 7 insertions(+)
 create mode 100644 test.txt
 create mode 100644 test2.txt
Rajni@Rajnis-MacBook-Pro demo % git push -u pawan master      
Enumerating objects: 5, done.
Counting objects: 100% (5/5), done.
Delta compression using up to 4 threads
Compressing objects: 100% (3/3), done.
Writing objects: 100% (4/4), 469 bytes | 469.00 KiB/s, done.
Total 4 (delta 0), reused 0 (delta 0)
To https://github.com/PawanNarwal/demo.git
   856633c..39de94f  master -> master
Branch 'master' set up to track remote branch 'master' from 'pawan'.
Rajni@Rajnis-MacBook-Pro demo % git config
usage: git config [<options>]

Config file location
    --global              use global config file
    --system              use system config file
    --local               use repository config file
    --worktree            use per-worktree config file
    -f, --file <file>     use given config file
    --blob <blob-id>      read config from given blob object

Action
    --get                 get value: name [value-regex]
    --get-all             get all values: key [value-regex]
    --get-regexp          get values for regexp: name-regex [value-regex]
    --get-urlmatch        get value specific for the URL: section[.var] URL
    --replace-all         replace all matching variables: name value [value_regex]
    --add                 add a new variable: name value
    --unset               remove a variable: name [value-regex]
    --unset-all           remove all matches: name [value-regex]
    --rename-section      rename section: old-name new-name
    --remove-section      remove a section: name
    -l, --list            list all
    -e, --edit            open an editor
    --get-color           find the color configured: slot [default]
    --get-colorbool       find the color setting: slot [stdout-is-tty]

Type
    -t, --type <>         value is given this type
    --bool                value is "true" or "false"
    --int                 value is decimal number
    --bool-or-int         value is --bool or --int
    --path                value is a path (file or directory name)
    --expiry-date         value is an expiry date

Other
    -z, --null            terminate values with NUL byte
    --name-only           show variable names only
    --includes            respect include directives on lookup
    --show-origin         show origin of config (file, standard input, blob, command line)
    --default <value>     with --get, use default value when missing entry

Rajni@Rajnis-MacBook-Pro demo % script output.txt 
Script started, output file is output.txt
Rajni@Rajnis-MacBook-Pro demo % git add AllCommandsUsed.txt 
Rajni@Rajnis-MacBook-Pro demo % git push -u pawan master                      
Branch 'master' set up to track remote branch 'master' from 'pawan'.
Everything up-to-date
Rajni@Rajnis-MacBook-Pro demo % git status
On branch master
Your branch is up to date with 'pawan/master'.

Changes to be committed:
  (use "git restore --staged <file>..." to unstage)
	new file:   AllCommandsUsed.txt

Untracked files:
  (use "git add <file>..." to include in what will be committed)
	.DS_Store

Rajni@Rajnis-MacBook-Pro demo % git commit -m "AllCommands"
[master d5156f8] AllCommands
 Committer: Rajni <Rajni@Rajnis-MacBook-Pro.local>
Your name and email address were configured automatically based
on your username and hostname. Please check that they are accurate.
You can suppress this message by setting them explicitly. Run the
following command and follow the instructions in your editor to edit
your configuration file:

    git config --global --edit

After doing this, you may fix the identity used for this commit with:

    git commit --amend --reset-author

 1 file changed, 6 insertions(+)
 create mode 100644 AllCommandsUsed.txt
Rajni@Rajnis-MacBook-Pro demo % git push -u pawan master   
Enumerating objects: 3, done.
Counting objects: 100% (3/3), done.
Delta compression using up to 4 threads
Compressing objects: 100% (2/2), done.
Writing objects: 100% (2/2), 254 bytes | 254.00 KiB/s, done.
Total 2 (delta 1), reused 0 (delta 0)
remote: Resolving deltas: 100% (1/1), completed with 1 local object.
To https://github.com/PawanNarwal/demo.git
   39de94f..d5156f8  master -> master
Branch 'master' set up to track remote branch 'master' from 'pawan'.
Rajni@Rajnis-MacBook-Pro demo % git push -u pawan master
Branch 'master' set up to track remote branch 'master' from 'pawan'.
Everything up-to-date
Rajni@Rajnis-MacBook-Pro demo % 
